{
    "tests/compare/sources/module1.js": {
        "imports": {
            "bar": ["default"]
        },
        "exports": ["foo"]
    },
    "tests/compare/sources/module2.js": {
        "imports": {
            "module1": ["default"]
        },
        "exports": []
    },
    "tests/compare/sources/module3.js": {
        "imports": {
            "./module1": ["foo"],
            "./component1/module4": ["msg"]
        },
        "exports": ["answer"]
    },
    "tests/compare/sources/component1/module4.js": {
        "imports": {
            "../component2/module5": ["msg"]
        },
        "exports": ["hello", "msg"]
    },
    "tests/compare/sources/component2/module5.js": {
        "imports": {
        },
        "exports": ["msg"]
    }
}
